raise ('raise')
WHITE_SPACE (' ')
STRING ('"oops"')