IDENT ('get')
WHITE_SPACE (' ')
STRING ('"/"')
WHITE_SPACE (' ')
do ('do')
WHITE_SPACE (' ')
| ('|')
IDENT ('ctx')
| ('|')
WHITE_SPACE ('\n  ')
IDENT ('ctx')
. ('.')
IDENT ('response')
. ('.')
IDENT ('content_type')
WHITE_SPACE (' ')
= ('=')
WHITE_SPACE (' ')
STRING ('"text/plain"')
WHITE_SPACE ('\n  ')
STRING ('"Hello, Auth0!"')
WHITE_SPACE ('\n')
end ('end')