require ('require')
WHITE_SPACE (' ')
STRING ('"spec"')